C51 COMPILER V9.59.0.0   MAIN                                                              09/13/2026 09:17:05 PAGE 1   


C51 COMPILER V9.59.0.0, COMPILATION OF MODULE MAIN
OBJECT MODULE PLACED IN .\Objects\main.obj
COMPILER INVOKED BY: C:\Keil_v5\C51\BIN\C51.EXE ..\code\main.c LARGE OMF2 WARNINGLEVEL(0) OPTIMIZE(9,SPEED) INCDIR(..\Li
                    -bary\Device\CMS8S6990\Include;..\Libary\StdDriver\inc;..\code) DEBUG PRINT(.\Listings\main.lst) OBJECT(.\Objects\main.ob
                    -j)

line level    source

   1          /*******************************************************************************
   2          * Copyright (C) 2019 China Micro Semiconductor Limited Company. All Rights Reserved.
   3          *
   4          * This software is owned and published by:
   5          * CMS LLC, No 2609-10, Taurus Plaza, TaoyuanRoad, NanshanDistrict, Shenzhen, China.
   6          *
   7          * BY DOWNLOADING, INSTALLING OR USING THIS SOFTWARE, YOU AGREE TO BE BOUND
   8          * BY ALL THE TERMS AND CONDITIONS OF THIS AGREEMENT.
   9          *
  10          * This software contains source code for use with CMS
  11          * components. This software is licensed by CMS to be adapted only
  12          * for use in systems utilizing CMS components. CMS shall not be
  13          * responsible for misuse or illegal use of this software for devices not
  14          * supported herein. CMS is providing this software "AS IS" and will
  15          * not be responsible for issues arising from incorrect user implementation
  16          * of the software.
  17          *
  18          * This software may be replicated in part or whole for the licensed use,
  19          * with the restriction that this Disclaimer and Copyright notice must be
  20          * included with each copy of this software, whether used in part or whole,
  21          * at all times.
  22          */
  23          
  24          /****************************************************************************/
  25          /** \file main.c
  26          **
  27          ** 
  28          **
  29          **      History:
  30          **      
  31          *****************************************************************************/
  32          /****************************************************************************/
  33          /*      include files
  34          *****************************************************************************/
  35          #include "cms8s6990.h"
  36          #include "demo_uart.h"
  37          #include "timer.h"
  38          #include "stdio.h"
  39          
  40          /****************************************************************************/
  41          /*      Local pre-processor symbols('#define')
  42          *****************************************************************************/
  43          
  44          /****************************************************************************/
  45          /*      Global variable definitions(declared in header file with 'extern')
  46          *****************************************************************************/
  47          
  48          
  49          /****************************************************************************/
  50          /*      Local type definitions('typedef')
  51          *****************************************************************************/
  52          
  53          /****************************************************************************/
C51 COMPILER V9.59.0.0   MAIN                                                              09/13/2026 09:17:05 PAGE 2   

  54          /*      Local variable  definitions('static')
  55          *****************************************************************************/
  56          uint32_t Systemclock = 24000000;
  57          volatile uint16_t timer0_ms = 0;
  58          volatile uint32_t uptime_seconds = 0;
  59          volatile uint8_t uptime_second_pending = 0;
  60          
  61          /****************************************************************************/
  62          /*      Local function prototypes('static')
  63          *****************************************************************************/
  64          
  65          
  66          /****************************************************************************/
  67          /*      Function implementation - global ('extern') and local('static')
  68          *****************************************************************************/
  69          
  70          static void Timer0_Config(void)
  71          {
  72   1              /* 24 MHz / 12 = 2 MHz; 2000 counts produce a 1 ms interrupt. */
  73   1              TMR_ConfigRunMode(TMR0, TMR_MODE_TIMING, TMR_TIM_16BIT);
  74   1              TMR_ConfigTimerClk(TMR0, TMR_CLK_DIV_12);
  75   1              TMR_ConfigTimerPeriod(TMR0, 0xF8, 0x30);
  76   1              TMR_ClearOverflowIntFlag(TMR0);
  77   1              TMR_EnableOverflowInt(TMR0);
  78   1              IRQ_SET_PRIORITY(IRQ_TMR0, IRQ_PRIORITY_LOW);
  79   1              TMR_Start(TMR0);
  80   1      }
  81          
  82          /*****************************************************************************
  83           ** \brief       main
  84           **
  85           ** \param [in]  none   
  86           **
  87           ** \return 0
  88           *****************************************************************************/
  89          
  90          int main(void)
  91          {
  92   1              Timer0_Config();
  93   1              UART0_Config();
  94   1              printf("UART ready\r\n");
  95   1      
  96   1              while(1)
  97   1              {       
  98   2                      uint8_t print_uptime = 0;
  99   2                      uint32_t seconds = 0;
 100   2      
 101   2                      IRQ_ALL_DISABLE();
 102   2                      if(uptime_second_pending)
 103   2                      {
 104   3                              seconds = uptime_seconds;
 105   3                              uptime_second_pending = 0;
 106   3                              print_uptime = 1;
 107   3                      }
 108   2                      IRQ_ALL_ENABLE();
 109   2      
 110   2                      if(print_uptime)
 111   2                      {
 112   3                              printf("Uptime: %lu s\r\n", seconds);
 113   3                      }
 114   2              }               
 115   1      }
C51 COMPILER V9.59.0.0   MAIN                                                              09/13/2026 09:17:05 PAGE 3   

 116          
 117          
 118          
 119          
 120          
 121          
 122          
 123          
 124          
 125          
 126          
 127          
 128          
 129          
 130          
 131          
 132          
 133          


MODULE INFORMATION:   STATIC OVERLAYABLE
   CODE SIZE        =    144    ----
   CONSTANT SIZE    =     29    ----
   XDATA SIZE       =     11       5
   PDATA SIZE       =   ----    ----
   DATA SIZE        =   ----    ----
   IDATA SIZE       =   ----    ----
   BIT SIZE         =   ----    ----
   EDATA SIZE       =   ----    ----
   HDATA SIZE       =   ----    ----
   XDATA CONST SIZE =   ----    ----
   FAR CONST SIZE   =   ----    ----
END OF MODULE INFORMATION.


C51 COMPILATION COMPLETE.  0 WARNING(S),  0 ERROR(S)
