C51 COMPILER V9.59.0.0   DEMO_UART                                                         09/13/2026 09:17:05 PAGE 1   


C51 COMPILER V9.59.0.0, COMPILATION OF MODULE DEMO_UART
OBJECT MODULE PLACED IN .\Objects\demo_uart.obj
COMPILER INVOKED BY: C:\Keil_v5\C51\BIN\C51.EXE ..\code\demo_uart.c LARGE OMF2 WARNINGLEVEL(0) OPTIMIZE(9,SPEED) INCDIR(
                    -..\Libary\Device\CMS8S6990\Include;..\Libary\StdDriver\inc;..\code) DEBUG PRINT(.\Listings\demo_uart.lst) OBJECT(.\Objec
                    -ts\demo_uart.obj)

line level    source

   1          #include "demo_uart.h"
   2          
   3          void UART0_Config(void)
   4          {
   5   1              uint16_t BRTValue = 0;
   6   1              uint32_t BaudRateValue = 9600;
   7   1      
   8   1              UART_ConfigRunMode(UART0, UART_MOD_ASY_8BIT, UART_BAUD_BRT);
   9   1              UART_EnableReceive(UART0);
  10   1              UART_ConfigBRTClk(BRT_CLK_DIV_1);
  11   1              UART_EnableDoubleFrequency(UART0);
  12   1      
  13   1      #ifdef USE_FORMULA
                      BRTValue = UART_ConfigBaudRate(UART0, BaudRateValue);
              #else
  16   1              BRTValue = 65380;
  17   1      #endif
  18   1      
  19   1              UART_ConfigBRTPeriod(BRTValue);
  20   1              UART_EnableBRT();
  21   1      
  22   1              GPIO_SET_MUX_MODE(P24CFG, GPIO_MUX_TXD0);
  23   1              GPIO_SET_MUX_MODE(P25CFG, GPIO_MUX_RXD0);
  24   1      
  25   1              UART_EnableInt(UART0);
  26   1              IRQ_SET_PRIORITY(IRQ_UART0, IRQ_PRIORITY_LOW);
  27   1              IRQ_ALL_ENABLE();
  28   1      }
  29          
  30          char putchar(char ch)
  31          {
  32   1              uint8_t uart0_int_enabled = ES0;
  33   1      
  34   1              ES0 = 0;
  35   1              SCON0 &= ~(UART_SCON0_TI0_Msk);
  36   1              SBUF0 = ch;
  37   1              while(!(SCON0 & UART_SCON0_TI0_Msk))
  38   1              {
  39   2                      ;
  40   2              }
  41   1              SCON0 &= ~(UART_SCON0_TI0_Msk);
  42   1              ES0 = uart0_int_enabled;
  43   1      
  44   1              return ch;
  45   1      }
  46          
  47          char getchar(void)
  48          {
  49   1              uint8_t uart0_int_enabled = ES0;
  50   1              char ch;
  51   1      
  52   1              ES0 = 0;
  53   1              while(!(SCON0 & UART_SCON0_RI0_Msk))
C51 COMPILER V9.59.0.0   DEMO_UART                                                         09/13/2026 09:17:05 PAGE 2   

  54   1              {
  55   2                      ;
  56   2              }
  57   1              ch = SBUF0;
  58   1              SCON0 &= ~(UART_SCON0_RI0_Msk);
  59   1              ES0 = uart0_int_enabled;
  60   1      
  61   1              return ch;
  62   1      }
  63          
  64          int puts(const char *s)
  65          {
  66   1              while(*s)
  67   1              {
  68   2                      putchar(*s++);
  69   2              }
  70   1      
  71   1              return 0;
  72   1      }


MODULE INFORMATION:   STATIC OVERLAYABLE
   CODE SIZE        =    173    ----
   CONSTANT SIZE    =   ----    ----
   XDATA SIZE       =   ----       7
   PDATA SIZE       =   ----    ----
   DATA SIZE        =   ----    ----
   IDATA SIZE       =   ----    ----
   BIT SIZE         =   ----    ----
   EDATA SIZE       =   ----    ----
   HDATA SIZE       =   ----    ----
   XDATA CONST SIZE =   ----    ----
   FAR CONST SIZE   =   ----    ----
END OF MODULE INFORMATION.


C51 COMPILATION COMPLETE.  0 WARNING(S),  0 ERROR(S)
