C51 COMPILER V9.59.0.0   FLASH                                                             09/13/2026 09:17:03 PAGE 1   


C51 COMPILER V9.59.0.0, COMPILATION OF MODULE FLASH
OBJECT MODULE PLACED IN .\Objects\flash.obj
COMPILER INVOKED BY: C:\Keil_v5\C51\BIN\C51.EXE ..\Libary\StdDriver\src\flash.c LARGE OMF2 WARNINGLEVEL(0) OPTIMIZE(9,SP
                    -EED) INCDIR(..\Libary\Device\CMS8S6990\Include;..\Libary\StdDriver\inc;..\code) DEBUG PRINT(.\Listings\flash.lst) OBJECT
                    -(.\Objects\flash.obj)

line level    source

   1          /*******************************************************************************
   2          * Copyright (C) 2019 China Micro Semiconductor Limited Company. All Rights Reserved.
   3          *
   4          * This software is owned and published by:
   5          * CMS LLC, No 2609-10, Taurus Plaza, TaoyuanRoad, NanshanDistrict, Shenzhen, China.
   6          *
   7          * BY DOWNLOADING, INSTALLING OR USING THIS SOFTWARE, YOU AGREE TO BE BOUND
   8          * BY ALL THE TERMS AND CONDITIONS OF THIS AGREEMENT.
   9          *
  10          * This software contains source code for use with CMS
  11          * components. This software is licensed by CMS to be adapted only
  12          * for use in systems utilizing CMS components. CMS shall not be
  13          * responsible for misuse or illegal use of this software for devices not
  14          * supported herein. CMS is providing this software "AS IS" and will
  15          * not be responsible for issues arising from incorrect user implementation
  16          * of the software.
  17          *
  18          * This software may be replicated in part or whole for the licensed use,
  19          * with the restriction that this Disclaimer and Copyright notice must be
  20          * included with each copy of this software, whether used in part or whole,
  21          * at all times.
  22          */
  23          
  24          /****************************************************************************/
  25          /** \file FLASH.c
  26          **
  27          ** 
  28          **
  29          **      History:
  30          **      
  31          *****************************************************************************/
  32          /****************************************************************************/
  33          /*      include files
  34          *****************************************************************************/
  35          #include "flash.h"
  36          
  37          /****************************************************************************/
  38          /*      Local pre-processor symbols/macros('#define')
  39          ****************************************************************************/
  40          
  41          
  42          /****************************************************************************/
  43          /*      Global variable definitions(declared in header file with 'extern')
  44          *****************************************************************************/
  45          
  46          /****************************************************************************/
  47          /*      Local type definitions('typedef')
  48          *****************************************************************************/
  49          
  50          /****************************************************************************/
  51          /*      Local variable  definitions('static')
  52          *****************************************************************************/
  53          
C51 COMPILER V9.59.0.0   FLASH                                                             09/13/2026 09:17:03 PAGE 2   

  54          /****************************************************************************/
  55          /*      Local function prototypes('static')
  56          *****************************************************************************/
  57          
  58          /****************************************************************************/
  59          /*      Function implementation - global ('extern') and local('static')
  60          *****************************************************************************/
  61          /*****************************************************************************
  62           ** \brief      FLASH_UnLock
  63           **                     解锁
  64           ** \param [in] none
  65           ** \return  none
  66           ** \note        
  67          *****************************************************************************/
  68          void FLASH_UnLock(void)
  69          {
  70   1              MLOCK = 0xAA;
  71   1      }
  72          /*****************************************************************************
  73           ** \brief      FLASH_Lock
  74           **                     上锁
  75           ** \param [in] none
  76           ** \return  none
  77           ** \note        
  78          *****************************************************************************/
  79          void FLASH_Lock(void)
  80          {
  81   1              MLOCK = 0x00;
  82   1      }
  83          
  84          /*****************************************************************************
  85           ** \brief      FLASH_Write_CodeArea
  86           **                     写程序区缓存
  87           ** \param [in] Addr: 16bit       (FLASH_CODE_ADDR: 0x00~0x3FFF;        
  88           **                             Data: 8bit
  89           ** \return  none
  90           ** \note        
  91          *****************************************************************************/
  92          void FLASH_Write_CodeArea( uint16_t Addr, uint8_t Data)
  93          {
  94   1              MDATA = Data;
  95   1              MADRL = Addr;
  96   1              MADRH = Addr>>8;
  97   1              
  98   1              if(1==EA)                       
  99   1              {
 100   2                      EA=0;           //在CPU_WAITCLOCK选择1T的模式时，在EA=0后必须加nop,选择多T时不加。
 101   2                      _nop_();                
 102   2                      MCTRL = FLASH_WRITE ;           //操作FLASH期间不允许被打断
 103   2                      _nop_();
 104   2                      _nop_();
 105   2                      _nop_();
 106   2                      _nop_();
 107   2                      _nop_();
 108   2                      _nop_();        
 109   2                      while(MCTRL & 0x01);
 110   2                      EA=1;
 111   2              }
 112   1              else
 113   1              {
 114   2                      MCTRL = FLASH_WRITE ;   
 115   2                      _nop_();
C51 COMPILER V9.59.0.0   FLASH                                                             09/13/2026 09:17:03 PAGE 3   

 116   2                      _nop_();
 117   2                      _nop_();
 118   2                      _nop_();
 119   2                      _nop_();
 120   2                      _nop_();                
 121   2                      while(MCTRL & 0x01);            
 122   2              }
 123   1      }
 124          
 125          /*****************************************************************************
 126           ** \brief      FLASH_Write_DataArea
 127           **                     写数据区缓存
 128           ** \param [in] Addr: 16bit       FLASH_DATA_ADDR: 0x00~0x3FF;  
 129           **                             Data: 8bit
 130           ** \return  none
 131           ** \note        
 132          *****************************************************************************/
 133          void FLASH_Write_DataArea( uint16_t Addr, uint8_t Data)
 134          {
 135   1              MDATA = Data;
 136   1              MADRL = Addr;
 137   1              MADRH = Addr>>8;
 138   1              
 139   1              if(1==EA)                       
 140   1              {
 141   2                      EA=0;           //在CPU_WAITCLOCK选择1T的模式时，在EA=0后必须加nop,选择多T时不加。
 142   2                      _nop_();                
 143   2                      MCTRL = FLASH_WRITE_DATA;               //操作FLASH期间不允许被打断
 144   2                      _nop_();
 145   2                      _nop_();
 146   2                      _nop_();
 147   2                      _nop_();
 148   2                      _nop_();
 149   2                      _nop_();        
 150   2                      while(MCTRL & 0x01);
 151   2                      EA=1;
 152   2              }
 153   1              else
 154   1              {
 155   2                      MCTRL = FLASH_WRITE_DATA;       
 156   2                      _nop_();
 157   2                      _nop_();
 158   2                      _nop_();
 159   2                      _nop_();
 160   2                      _nop_();
 161   2                      _nop_();                
 162   2                      while(MCTRL & 0x01);            
 163   2              }
 164   1      }
 165          
 166          /*****************************************************************************
 167           ** \brief      FLASH_Write
 168           **                     写缓存(程序区或数据区)
 169           ** \param [in] FLASHModule     ：(1)FLASH_DATA
 170           **                                                       (2)FLASH_CODE
 171           **                             Addr: 16bit       (1)FLASH_DATA_ADDR: 0x00~0x3FF;
 172           **                                                       (2)FLASH_CODE_ADDR: 0x00~0x3FFF;      
 173           **                             Data: 8bit
 174           ** \return  none
 175           ** \note        
 176          *****************************************************************************/
 177          void FLASH_Write(uint8_t FLASHModule, uint16_t Addr, uint8_t Data)
C51 COMPILER V9.59.0.0   FLASH                                                             09/13/2026 09:17:03 PAGE 4   

 178          {
 179   1              MDATA = Data;
 180   1              MADRL = Addr;
 181   1              MADRH = Addr>>8;
 182   1              
 183   1              if(1==EA)                       
 184   1              {
 185   2                      EA=0;           //在CPU_WAITCLOCK选择1T的模式时，在EA=0后必须加nop,选择多T时不加。
 186   2                      _nop_();                
 187   2                      MCTRL = FLASH_WRITE | FLASHModule;              //操作FLASH期间不允许被打断
 188   2                      _nop_();
 189   2                      _nop_();
 190   2                      _nop_();
 191   2                      _nop_();
 192   2                      _nop_();
 193   2                      _nop_();        
 194   2                      while(MCTRL & 0x01);
 195   2                      EA=1;
 196   2              }
 197   1              else
 198   1              {
 199   2                      MCTRL = FLASH_WRITE | FLASHModule;      
 200   2                      _nop_();
 201   2                      _nop_();
 202   2                      _nop_();
 203   2                      _nop_();
 204   2                      _nop_();
 205   2                      _nop_();                
 206   2                      while(MCTRL & 0x01);            
 207   2              }
 208   1      }
 209          
 210          /*****************************************************************************
 211           ** \brief      FLASH_Read_CodeArea
 212           **                     读程序区缓存
 213           ** \param [in]  Addr: 16bit      FLASH_CODE_ADDR: 0x00~0x3FFF; 
 214           ** \return  8bit Data
 215           ** \note       
 216          *****************************************************************************/
 217          uint8_t FLASH_Read_CodeArea( uint16_t Addr)
 218          {
 219   1              MADRL = Addr;
 220   1              MADRH = Addr>>8;
 221   1              if(1==EA)                       
 222   1              {
 223   2                      EA=0;           //在CPU_WAITCLOCK选择1T的模式时，在EA=0后必须加nop,选择多T时不加。
 224   2                      _nop_();                
 225   2                      MCTRL = FLASH_READ ;            //操作FLASH期间不允许被打断
 226   2                      _nop_();
 227   2                      _nop_();
 228   2                      _nop_();
 229   2                      _nop_();
 230   2                      _nop_();
 231   2                      _nop_();        
 232   2                      while(MCTRL & 0x01);
 233   2                      EA=1;
 234   2              }
 235   1              else
 236   1              {
 237   2                      MCTRL = FLASH_READ ;    
 238   2                      _nop_();
 239   2                      _nop_();
C51 COMPILER V9.59.0.0   FLASH                                                             09/13/2026 09:17:03 PAGE 5   

 240   2                      _nop_();
 241   2                      _nop_();
 242   2                      _nop_();
 243   2                      _nop_();        
 244   2                      while(MCTRL & 0x01);            
 245   2              }
 246   1              return (MDATA);
 247   1      }
 248          
 249          /*****************************************************************************
 250           ** \brief      FLASH_Read_DataArea
 251           **                     读数据区缓存
 252           ** \param [in]  Addr: 16bit      FLASH_DATA_ADDR: 0x00~0x3FF;
 253           ** \return  8bit Data
 254           ** \note       
 255          *****************************************************************************/
 256          uint8_t FLASH_Read_DataArea( uint16_t Addr)
 257          {
 258   1              MADRL = Addr;
 259   1              MADRH = Addr>>8;
 260   1              if(1==EA)                       
 261   1              {
 262   2                      EA=0;           //在CPU_WAITCLOCK选择1T的模式时，在EA=0后必须加nop,选择多T时不加。
 263   2                      _nop_();                
 264   2                      MCTRL = FLASH_READ_DATA;                //操作FLASH期间不允许被打断
 265   2                      _nop_();
 266   2                      _nop_();
 267   2                      _nop_();
 268   2                      _nop_();
 269   2                      _nop_();
 270   2                      _nop_();        
 271   2                      while(MCTRL & 0x01);
 272   2                      EA=1;
 273   2              }
 274   1              else
 275   1              {
 276   2                      MCTRL = FLASH_READ_DATA;        
 277   2                      _nop_();
 278   2                      _nop_();
 279   2                      _nop_();
 280   2                      _nop_();
 281   2                      _nop_();
 282   2                      _nop_();        
 283   2                      while(MCTRL & 0x01);            
 284   2              }
 285   1              return (MDATA);
 286   1      }
 287          
 288          /*****************************************************************************
 289           ** \brief      FLASH_Read
 290           **                     读缓存(程序区或数据区)
 291           ** \param [in]  FLASHModule：(1)FLASH_DATA
 292           **                                                       (2)FLASH_CODE
 293           **                             Addr: 16bit       (1)FLASH_DATA_ADDR: 0x00~0x3FF;
 294           **                                                       (2)FLASH_CODE_ADDR: 0x00~0x3FFF;      
 295           ** \return  8bit Data
 296           ** \note       
 297          *****************************************************************************/
 298          uint8_t FLASH_Read(uint8_t FLASHModule, uint16_t Addr)
 299          {
 300   1              MADRL = Addr;
 301   1              MADRH = Addr>>8;
C51 COMPILER V9.59.0.0   FLASH                                                             09/13/2026 09:17:03 PAGE 6   

 302   1              if(1==EA)                       
 303   1              {
 304   2                      EA=0;           //在CPU_WAITCLOCK选择1T的模式时，在EA=0后必须加nop,选择多T时不加。
 305   2                      _nop_();                
 306   2                      MCTRL = FLASH_READ | FLASHModule;               //操作FLASH期间不允许被打断
 307   2                      _nop_();
 308   2                      _nop_();
 309   2                      _nop_();
 310   2                      _nop_();
 311   2                      _nop_();
 312   2                      _nop_();        
 313   2                      while(MCTRL & 0x01);
 314   2                      EA=1;
 315   2              }
 316   1              else
 317   1              {
 318   2                      MCTRL = FLASH_READ | FLASHModule;       
 319   2                      _nop_();
 320   2                      _nop_();
 321   2                      _nop_();
 322   2                      _nop_();
 323   2                      _nop_();
 324   2                      _nop_();        
 325   2                      while(MCTRL & 0x01);            
 326   2              }
 327   1              return (MDATA);
 328   1      }
 329          
 330          /*****************************************************************************
 331           ** \brief      FLASH_Erase_CodeArea
 332           **                     擦除程序区
 333           ** \param [in]  Addr: 16bit      FLASH_CODE_ADDR: 0x00~0x3FFF;
 334           ** \return  none
 335           ** \note       
 336          *****************************************************************************/
 337          void FLASH_Erase_CodeArea( uint16_t Addr)
 338          {
 339   1              MADRL = Addr;
 340   1              MADRH = Addr>>8;
 341   1                      if(1==EA)                       
 342   1              {
 343   2                      EA=0;           //在CPU_WAITCLOCK选择1T的模式时，在EA=0后必须加nop,选择多T时不加。
 344   2                      _nop_();                
 345   2                      MCTRL  = FLASH_ERASE ;          //操作FLASH期间不允许被打断
 346   2                      _nop_();
 347   2                      _nop_();
 348   2                      _nop_();
 349   2                      _nop_();
 350   2                      _nop_();
 351   2                      _nop_();        
 352   2                      while(MCTRL & 0x01);
 353   2                      EA=1;
 354   2              }
 355   1              else
 356   1              {
 357   2                      MCTRL  = FLASH_ERASE ;  
 358   2                      _nop_();
 359   2                      _nop_();
 360   2                      _nop_();
 361   2                      _nop_();
 362   2                      _nop_();
 363   2                      _nop_();
C51 COMPILER V9.59.0.0   FLASH                                                             09/13/2026 09:17:03 PAGE 7   

 364   2                      while(MCTRL & 0x01);
 365   2              }
 366   1      }
 367          
 368          /*****************************************************************************
 369           ** \brief      FLASH_Erase_DataArea
 370           **                     擦除数据区
 371           ** \param [in]  Addr: 16bit      FLASH_DATA_ADDR: 0x00~0x3FF;
 372           ** \return  none
 373           ** \note       
 374          *****************************************************************************/
 375          void FLASH_Erase_DataArea( uint16_t Addr)
 376          {
 377   1              MADRL = Addr;
 378   1              MADRH = Addr>>8;
 379   1                      if(1==EA)                       
 380   1              {
 381   2                      EA=0;           //在CPU_WAITCLOCK选择1T的模式时，在EA=0后必须加nop,选择多T时不加。
 382   2                      _nop_();                
 383   2                      MCTRL  = FLASH_ERASE_DATA;              //操作FLASH期间不允许被打断
 384   2                      _nop_();
 385   2                      _nop_();
 386   2                      _nop_();
 387   2                      _nop_();
 388   2                      _nop_();
 389   2                      _nop_();        
 390   2                      while(MCTRL & 0x01);
 391   2                      EA=1;
 392   2              }
 393   1              else
 394   1              {
 395   2                      MCTRL  = FLASH_ERASE_DATA;      
 396   2                      _nop_();
 397   2                      _nop_();
 398   2                      _nop_();
 399   2                      _nop_();
 400   2                      _nop_();
 401   2                      _nop_();
 402   2                      while(MCTRL & 0x01);
 403   2              }
 404   1      }
 405          
 406          /*****************************************************************************
 407           ** \brief      FLASH_Erase
 408           **                     擦除(程序区或数据区)
 409           ** \param [in]  FLASHModule：(1)FLASH_DATA
 410           **                                                       (2)FLASH_CODE
 411           **                             Addr: 16bit       (1)FLASH_DATA_ADDR: 0x00~0x3FF;
 412           **                                                       (2)FLASH_CODE_ADDR: 0x00~0x3FFF;
 413           ** \return  none
 414           ** \note       
 415          *****************************************************************************/
 416          void FLASH_Erase(uint8_t FLASHModule, uint16_t Addr)
 417          {
 418   1              MADRL = Addr;
 419   1              MADRH = Addr>>8;
 420   1                      if(1==EA)                       
 421   1              {
 422   2                      EA=0;           //在CPU_WAITCLOCK选择1T的模式时，在EA=0后必须加nop,选择多T时不加。
 423   2                      _nop_();                
 424   2                      MCTRL  = FLASH_ERASE | FLASHModule;             //操作FLASH期间不允许被打断
 425   2                      _nop_();
C51 COMPILER V9.59.0.0   FLASH                                                             09/13/2026 09:17:03 PAGE 8   

 426   2                      _nop_();
 427   2                      _nop_();
 428   2                      _nop_();
 429   2                      _nop_();
 430   2                      _nop_();        
 431   2                      while(MCTRL & 0x01);
 432   2                      EA=1;
 433   2              }
 434   1              else
 435   1              {
 436   2                      MCTRL  = FLASH_ERASE | FLASHModule;     
 437   2                      _nop_();
 438   2                      _nop_();
 439   2                      _nop_();
 440   2                      _nop_();
 441   2                      _nop_();
 442   2                      _nop_();
 443   2                      while(MCTRL & 0x01);
 444   2              }
 445   1      }
 446          


MODULE INFORMATION:   STATIC OVERLAYABLE
   CODE SIZE        =    430    ----
   CONSTANT SIZE    =   ----    ----
   XDATA SIZE       =   ----    ----
   PDATA SIZE       =   ----    ----
   DATA SIZE        =   ----    ----
   IDATA SIZE       =   ----    ----
   BIT SIZE         =   ----    ----
   EDATA SIZE       =   ----    ----
   HDATA SIZE       =   ----    ----
   XDATA CONST SIZE =   ----    ----
   FAR CONST SIZE   =   ----    ----
END OF MODULE INFORMATION.


C51 COMPILATION COMPLETE.  0 WARNING(S),  0 ERROR(S)
