C51 COMPILER V9.59.0.0   ISR                                                               09/13/2026 09:17:04 PAGE 1   


C51 COMPILER V9.59.0.0, COMPILATION OF MODULE ISR
OBJECT MODULE PLACED IN .\Objects\isr.obj
COMPILER INVOKED BY: C:\Keil_v5\C51\BIN\C51.EXE ..\code\isr.c LARGE OMF2 WARNINGLEVEL(0) OPTIMIZE(9,SPEED) INCDIR(..\Lib
                    -ary\Device\CMS8S6990\Include;..\Libary\StdDriver\inc;..\code) DEBUG PRINT(.\Listings\isr.lst) OBJECT(.\Objects\isr.obj)

line level    source

   1          /*******************************************************************************
   2          * Copyright (C) 2019 China Micro Semiconductor Limited Company. All Rights Reserved.
   3          *
   4          * This software is owned and published by:
   5          * CMS LLC, No 2609-10, Taurus Plaza, TaoyuanRoad, NanshanDistrict, Shenzhen, China.
   6          *
   7          * BY DOWNLOADING, INSTALLING OR USING THIS SOFTWARE, YOU AGREE TO BE BOUND
   8          * BY ALL THE TERMS AND CONDITIONS OF THIS AGREEMENT.
   9          *
  10          * This software contains source code for use with CMS
  11          * components. This software is licensed by CMS to be adapted only
  12          * for use in systems utilizing CMS components. CMS shall not be
  13          * responsible for misuse or illegal use of this software for devices not
  14          * supported herein. CMS is providing this software "AS IS" and will
  15          * not be responsible for issues arising from incorrect user implementation
  16          * of the software.
  17          *
  18          * This software may be replicated in part or whole for the licensed use,
  19          * with the restriction that this Disclaimer and Copyright notice must be
  20          * included with each copy of this software, whether used in part or whole,
  21          * at all times.
  22          */
  23          
  24          /****************************************************************************/
  25          /** \file isr.c
  26          **
  27          ** 
  28          **
  29          **      History:
  30          **              
  31          *****************************************************************************/
  32          /****************************************************************************/
  33          /*      include files
  34          *****************************************************************************/
  35          #include "cms8s6990.h"
  36          #include "timer.h"
  37          
  38          /****************************************************************************/
  39          /*      Local pre-processor symbols('#define')
  40          ****************************************************************************/
  41          
  42          /****************************************************************************/
  43          /*      Global variable definitions(declared in header file with 'extern')
  44          ****************************************************************************/
  45          extern volatile uint16_t timer0_ms;
  46          extern volatile uint32_t uptime_seconds;
  47          extern volatile uint8_t uptime_second_pending;
  48          
  49          /****************************************************************************/
  50          /*      Local type definitions('typedef')
  51          ****************************************************************************/
  52          
  53          /****************************************************************************/
  54          /*      Local variable  definitions('static')
C51 COMPILER V9.59.0.0   ISR                                                               09/13/2026 09:17:04 PAGE 2   

  55          ****************************************************************************/
  56          
  57          
  58          /****************************************************************************/
  59          /*      Local function prototypes('static')
  60          ****************************************************************************/
  61          
  62          
  63          /****************************************************************************/
  64          /*      Function implementation - global ('extern') and local('static')
  65          ****************************************************************************/
  66          
  67          
  68          /******************************************************************************
  69           ** \brief       INT0 interrupt service function
  70           **                     
  71           ** \param [in]  none   
  72           **
  73           ** \return none
  74           ******************************************************************************/
  75          void INT0_IRQHandler(void)  interrupt INT0_VECTOR
  76          {
  77   1      
  78   1      }
  79          /******************************************************************************
  80           ** \brief       Timer 0 interrupt service function
  81           **
  82           ** \param [in]  none   
  83           **
  84           ** \return none
  85          ******************************************************************************/
  86          void Timer0_IRQHandler(void)  interrupt TMR0_VECTOR 
  87          {
  88   1              TMR0_SET_PERIOD(0xF8, 0x30);
  89   1              TF0 = 0;
  90   1      
  91   1              if(++timer0_ms >= 1000)
  92   1              {
  93   2                      timer0_ms = 0;
  94   2                      ++uptime_seconds;
  95   2                      uptime_second_pending = 1;
  96   2              }
  97   1      }
  98          /******************************************************************************
  99           ** \brief       INT0 interrupt service function
 100           **                     
 101           ** \param [in]  none   
 102           **
 103           ** \return none
 104           ******************************************************************************/
 105          void INT1_IRQHandler(void)  interrupt INT1_VECTOR
 106          {
 107   1              ;
 108   1      }
 109          /******************************************************************************
 110           ** \brief       Timer 1 interrupt service function
 111           **
 112           ** \param [in]  none   
 113           **
 114           ** \return none
 115          ******************************************************************************/
 116          void Timer1_IRQHandler(void)  interrupt TMR1_VECTOR 
C51 COMPILER V9.59.0.0   ISR                                                               09/13/2026 09:17:04 PAGE 3   

 117          {
 118   1      
 119   1      }
 120          /******************************************************************************
 121           ** \brief       UART 0 interrupt service function
 122           **
 123           ** \param [in]  none   
 124           **
 125           ** \return none
 126          ******************************************************************************/
 127          void UART0_IRQHandler(void)  interrupt UART0_VECTOR 
 128          {
 129   1              if(UART_GetSendIntFlag(UART0))
 130   1              {
 131   2                      UART_ClearSendIntFlag(UART0);
 132   2              }
 133   1              if(UART_GetReceiveIntFlag(UART0))
 134   1              {
 135   2                      UART_SendBuff(UART0, UART_GetBuff(UART0));
 136   2                      UART_ClearReceiveIntFlag(UART0);
 137   2              }
 138   1      }
 139          /******************************************************************************
 140           ** \brief       Timer 2 interrupt service function
 141           **
 142           ** \param [in]  none   
 143           **
 144           ** \return none
 145          ******************************************************************************/
 146          void Timer2_IRQHandler(void)  interrupt TMR2_VECTOR 
 147          {
 148   1              
 149   1      }
 150          /******************************************************************************
 151           ** \brief       UART 1 interrupt service function
 152           **
 153           ** \param [in]  none   
 154           **
 155           ** \return none
 156          ******************************************************************************/
 157          void UART1_IRQHandler(void)  interrupt UART1_VECTOR 
 158          {
 159   1              ;
 160   1      }
 161          /******************************************************************************
 162           ** \brief       GPIO 0 interrupt service function
 163           **     
 164           ** \param [in]  none   
 165           **
 166           ** \return none
 167           ******************************************************************************/
 168          void P0EI_IRQHandler(void)  interrupt P0EI_VECTOR 
 169          {
 170   1              
 171   1      }
 172          /******************************************************************************
 173           ** \brief       GPIO 1 interrupt service function
 174           **
 175           ** \param [in]  none   
 176           **
 177           ** \return none
 178           ******************************************************************************/
C51 COMPILER V9.59.0.0   ISR                                                               09/13/2026 09:17:04 PAGE 4   

 179          void P1EI_IRQHandler(void)  interrupt P1EI_VECTOR 
 180          {
 181   1              ;
 182   1      }
 183          /******************************************************************************
 184           ** \brief       GPIO 2 interrupt service function
 185           **
 186           ** \param [in]  none   
 187           **
 188           ** \return none
 189           ******************************************************************************/
 190          void P2EI_IRQHandler(void)  interrupt P2EI_VECTOR 
 191          {
 192   1      
 193   1      }
 194          /******************************************************************************
 195           ** \brief       GPIO 3 interrupt service function
 196           **
 197           ** \param [in]  none   
 198           **
 199           ** \return none
 200           ******************************************************************************/
 201          void P3EI_IRQHandler(void)  interrupt P3EI_VECTOR 
 202          {
 203   1              ;
 204   1      }
 205          
 206          /******************************************************************************
 207           ** \brief       LVD interrupt service function
 208           **
 209           ** \param [in]  none   
 210           **
 211           ** \return none
 212           ******************************************************************************/
 213          void LVD_IRQHandler(void)  interrupt LVD_VECTOR 
 214          {
 215   1      
 216   1      }
 217          /******************************************************************************
 218           ** \brief       LSE interrupt service function
 219           **
 220           ** \param [in]  none   
 221           **
 222           ** \return none
 223           ******************************************************************************/
 224          void LSE_IRQHandler(void)  interrupt LSE_VECTOR 
 225          {
 226   1      
 227   1      }
 228          
 229          /********************************************************************************
 230           ** \brief       ACMP interrupt service function
 231           **                     
 232           ** \param [in]  none   
 233           **
 234           ** \return none
 235           ******************************************************************************/
 236          void ACMP_IRQHandler(void)  interrupt ACMP_VECTOR 
 237          {
 238   1              
 239   1      }
 240          /******************************************************************************
C51 COMPILER V9.59.0.0   ISR                                                               09/13/2026 09:17:04 PAGE 5   

 241           ** \brief       Timer 3 interrupt service function
 242           **
 243           ** \param [in]  none   
 244           **
 245           ** \return none
 246          ******************************************************************************/
 247          void Timer3_IRQHandler(void)  interrupt TMR3_VECTOR 
 248          {
 249   1      
 250   1      }
 251          /******************************************************************************
 252           ** \brief       Timer 4 interrupt service function
 253           **
 254           ** \param [in]  none   
 255           **
 256           ** \return none
 257          ******************************************************************************/
 258          void Timer4_IRQHandler(void)  interrupt TMR4_VECTOR 
 259          {
 260   1      
 261   1      }
 262          /******************************************************************************
 263           ** \brief       EPWM interrupt service function
 264           **
 265           ** \param [in]  none   
 266           **
 267           ** \return none
 268           ******************************************************************************/
 269          void EPWM_IRQHandler(void)  interrupt EPWM_VECTOR
 270          {
 271   1      
 272   1      }
 273          /******************************************************************************
 274           ** \brief       ADC interrupt service function
 275           **
 276           ** \param [in]  none   
 277           **
 278           ** \return none
 279           ******************************************************************************/
 280          void ADC_IRQHandler(void)  interrupt ADC_VECTOR 
 281          {
 282   1      
 283   1      }
 284          /******************************************************************************
 285           ** \brief       WDT interrupt service function
 286           **
 287           ** \param [in]  none   
 288           **
 289           ** \return none
 290           ******************************************************************************/
 291          void WDT_IRQHandler(void)  interrupt WDT_VECTOR 
 292          {
 293   1      
 294   1      }
 295          /******************************************************************************
 296           ** \brief      I2C interrupt service function
 297           **
 298           ** \param [in]  none   
 299           **
 300           ** \return none
 301           ******************************************************************************/
 302          void I2C_IRQHandler(void)  interrupt I2C_VECTOR 
C51 COMPILER V9.59.0.0   ISR                                                               09/13/2026 09:17:04 PAGE 6   

 303          {
 304   1              ;
 305   1      }
 306          /******************************************************************************
 307           ** \brief      SPI interrupt service function
 308           **
 309           ** \param [in]  none   
 310           **
 311           ** \return none
 312           ******************************************************************************/
 313          void SPI_IRQHandler(void)  interrupt SPI_VECTOR 
 314          {
 315   1              ;
 316   1      }
 317          
 318          
 319          
 320          
 321          
 322          
 323          
 324          
 325          
 326          
 327          
 328          
 329          


MODULE INFORMATION:   STATIC OVERLAYABLE
   CODE SIZE        =    293    ----
   CONSTANT SIZE    =   ----    ----
   XDATA SIZE       =   ----    ----
   PDATA SIZE       =   ----    ----
   DATA SIZE        =   ----    ----
   IDATA SIZE       =   ----    ----
   BIT SIZE         =   ----    ----
   EDATA SIZE       =   ----    ----
   HDATA SIZE       =   ----    ----
   XDATA CONST SIZE =   ----    ----
   FAR CONST SIZE   =   ----    ----
END OF MODULE INFORMATION.


C51 COMPILATION COMPLETE.  0 WARNING(S),  0 ERROR(S)
