C51 COMPILER V9.59.0.0   ISR                                                               09/13/2026 11:30:27 PAGE 1   


C51 COMPILER V9.59.0.0, COMPILATION OF MODULE ISR
OBJECT MODULE PLACED IN .\Objects\isr.obj
COMPILER INVOKED BY: C:\Keil_v5\C51\BIN\C51.EXE ..\code\isr.c LARGE OMF2 WARNINGLEVEL(0) OPTIMIZE(9,SPEED) INCDIR(..\Lib
                    -ary\Device\CMS8S6990\Include;..\Libary\StdDriver\inc;..\code) DEBUG PRINT(.\Listings\isr.lst) OBJECT(.\Objects\isr.obj)

line level    source

   1          #include "cms8s6990.h"
   2          #include "my_timer.h"
   3          #include "my_uart.h"
   4          
   5          void Timer0_IRQHandler(void) interrupt TMR0_VECTOR
   6          {
   7   1              Timer0_IRQHandler_Task();
   8   1      }
   9          
  10          void UART0_IRQHandler(void) interrupt UART0_VECTOR
  11          {
  12   1              UART0_IRQHandler_Task();
  13   1      }


MODULE INFORMATION:   STATIC OVERLAYABLE
   CODE SIZE        =    124    ----
   CONSTANT SIZE    =   ----    ----
   XDATA SIZE       =   ----    ----
   PDATA SIZE       =   ----    ----
   DATA SIZE        =   ----    ----
   IDATA SIZE       =   ----    ----
   BIT SIZE         =   ----    ----
   EDATA SIZE       =   ----    ----
   HDATA SIZE       =   ----    ----
   XDATA CONST SIZE =   ----    ----
   FAR CONST SIZE   =   ----    ----
END OF MODULE INFORMATION.


C51 COMPILATION COMPLETE.  0 WARNING(S),  0 ERROR(S)
