C51 COMPILER V9.59.0.0   MAIN                                                              09/13/2026 11:30:27 PAGE 1   


C51 COMPILER V9.59.0.0, COMPILATION OF MODULE MAIN
OBJECT MODULE PLACED IN .\Objects\main.obj
COMPILER INVOKED BY: C:\Keil_v5\C51\BIN\C51.EXE ..\code\main.c LARGE OMF2 WARNINGLEVEL(0) OPTIMIZE(9,SPEED) INCDIR(..\Li
                    -bary\Device\CMS8S6990\Include;..\Libary\StdDriver\inc;..\code) DEBUG PRINT(.\Listings\main.lst) OBJECT(.\Objects\main.ob
                    -j)

line level    source

   1          #include "cms8s6990.h"
   2          #include "system.h"
   3          #include "my_uart.h"
   4          #include "my_timer.h"
   5          #include "stdio.h"
   6          
   7          
   8          uint32_t Systemclock = MY_SYSTEM_CLOCK_HZ;
   9          
  10          
  11          
  12          int main(void)
  13          {
  14   1              SYS_SET_SYSTEM_CLK(SYS_CLK_DIV_1);
  15   1              Timer0_Config();
  16   1              UART0_Config();
  17   1              printf("UART ready\r\n");
  18   1      
  19   1              while(1)
  20   1              {       
  21   2                      Timer0_PrintUptime();
  22   2              }               
  23   1      }
  24          
  25          
  26          
  27          
  28          
  29          
  30          
  31          
  32          
  33          
  34          
  35          
  36          
  37          
  38          
  39          
  40          
  41          
  42          
  43          


MODULE INFORMATION:   STATIC OVERLAYABLE
   CODE SIZE        =     46    ----
   CONSTANT SIZE    =     13    ----
   XDATA SIZE       =      4    ----
   PDATA SIZE       =   ----    ----
   DATA SIZE        =   ----    ----
   IDATA SIZE       =   ----    ----
   BIT SIZE         =   ----    ----
C51 COMPILER V9.59.0.0   MAIN                                                              09/13/2026 11:30:27 PAGE 2   

   EDATA SIZE       =   ----    ----
   HDATA SIZE       =   ----    ----
   XDATA CONST SIZE =   ----    ----
   FAR CONST SIZE   =   ----    ----
END OF MODULE INFORMATION.


C51 COMPILATION COMPLETE.  0 WARNING(S),  0 ERROR(S)
