C51 COMPILER V9.59.0.0   MY_TIMER                                                          09/13/2026 11:30:27 PAGE 1   


C51 COMPILER V9.59.0.0, COMPILATION OF MODULE MY_TIMER
OBJECT MODULE PLACED IN .\Objects\my_timer.obj
COMPILER INVOKED BY: C:\Keil_v5\C51\BIN\C51.EXE ..\code\my_timer.c LARGE OMF2 WARNINGLEVEL(0) OPTIMIZE(9,SPEED) INCDIR(.
                    -.\Libary\Device\CMS8S6990\Include;..\Libary\StdDriver\inc;..\code) DEBUG PRINT(.\Listings\my_timer.lst) OBJECT(.\Objects
                    -\my_timer.obj)

line level    source

   1          #include "my_timer.h"
   2          #include "timer.h"
   3          #include "stdio.h"
   4          
   5          /* Millisecond counter, incremented by the Timer0 overflow ISR. */
   6          static volatile uint16_t timer0_ms;
   7          
   8          /* Whole seconds elapsed since Timer0_Config() was called. */
   9          static volatile uint32_t uptime_seconds;
  10          
  11          /* Set by the ISR when a full second elapsed, cleared by the getter. */
  12          static volatile uint8_t uptime_second_pending;
  13          
  14          void Timer0_Config(void)
  15          {
  16   1              /* 16-bit timer in timing (interval) mode. */
  17   1              TMR_ConfigRunMode(TMR0, TMR_MODE_TIMING, TMR_TIM_16BIT);
  18   1      
  19   1              /* Pre-scale the timer clock to Fsys / 12 = 4 MHz. */
  20   1              TMR_ConfigTimerClk(TMR0, TMR_CLK_DIV_12);
  21   1      
  22   1              /* Load the 1 ms period into the period registers. */
  23   1              TMR_ConfigTimerPeriod(TMR0, MY_TIMER0_RELOAD_HIGH, MY_TIMER0_RELOAD_LOW);
  24   1      
  25   1              /* Drop any stale overflow flag before enabling the interrupt. */
  26   1              TMR_ClearOverflowIntFlag(TMR0);
  27   1              TMR_EnableOverflowInt(TMR0);
  28   1              IRQ_SET_PRIORITY(IRQ_TMR0, IRQ_PRIORITY_LOW);
  29   1      
  30   1              /* Start the counter. Global interrupts are enabled by the caller. */
  31   1              TMR_Start(TMR0);
  32   1      }
  33          
  34          void Timer0_IRQHandler_Task(void)
  35          {
  36   1              /* 16-bit mode is not auto-reload: load the period again each time,
  37   1               * then clear the overflow flag (TF0). */
  38   1              TMR0_SET_PERIOD(MY_TIMER0_RELOAD_HIGH, MY_TIMER0_RELOAD_LOW);
  39   1              TF0 = 0;
  40   1      
  41   1              /* Accumulate 1000 ticks of 1 ms into one whole second. */
  42   1              if(++timer0_ms >= MY_TIMER0_MS_PER_SECOND)
  43   1              {
  44   2                      timer0_ms = 0;
  45   2                      ++uptime_seconds;
  46   2                      uptime_second_pending = 1;
  47   2              }
  48   1      }
  49          
  50          uint8_t Timer0_GetPendingSeconds(uint32_t *seconds)
  51          {
  52   1              uint8_t pending = 0;
  53   1      
C51 COMPILER V9.59.0.0   MY_TIMER                                                          09/13/2026 11:30:27 PAGE 2   

  54   1              /* uptime_seconds is 32 bits, so read and clear it atomically with
  55   1               * respect to the ISR by disabling interrupts around the access. */
  56   1              IRQ_ALL_DISABLE();
  57   1              if(uptime_second_pending)
  58   1              {
  59   2                      *seconds = uptime_seconds;
  60   2                      uptime_second_pending = 0;
  61   2                      pending = 1;
  62   2              }
  63   1              IRQ_ALL_ENABLE();
  64   1      
  65   1              return pending;
  66   1      }
  67          
  68          void Timer0_PrintUptime(void)
  69          {
  70   1              uint32_t seconds = 0;
  71   1      
  72   1              /* Print only when a new second elapsed, not on every loop pass. */
  73   1              if(Timer0_GetPendingSeconds(&seconds))
  74   1              {
  75   2                      printf("Uptime: %lu s\r\n", seconds);
  76   2              }
  77   1      }


MODULE INFORMATION:   STATIC OVERLAYABLE
   CODE SIZE        =    201    ----
   CONSTANT SIZE    =     16    ----
   XDATA SIZE       =      7       4
   PDATA SIZE       =   ----    ----
   DATA SIZE        =   ----    ----
   IDATA SIZE       =   ----    ----
   BIT SIZE         =   ----    ----
   EDATA SIZE       =   ----    ----
   HDATA SIZE       =   ----    ----
   XDATA CONST SIZE =   ----    ----
   FAR CONST SIZE   =   ----    ----
END OF MODULE INFORMATION.


C51 COMPILATION COMPLETE.  0 WARNING(S),  0 ERROR(S)
