C51 COMPILER V9.59.0.0   MY_UART                                                           09/13/2026 11:30:27 PAGE 1   


C51 COMPILER V9.59.0.0, COMPILATION OF MODULE MY_UART
OBJECT MODULE PLACED IN .\Objects\my_uart.obj
COMPILER INVOKED BY: C:\Keil_v5\C51\BIN\C51.EXE ..\code\my_uart.c LARGE OMF2 WARNINGLEVEL(0) OPTIMIZE(9,SPEED) INCDIR(..
                    -\Libary\Device\CMS8S6990\Include;..\Libary\StdDriver\inc;..\code) DEBUG PRINT(.\Listings\my_uart.lst) OBJECT(.\Objects\m
                    -y_uart.obj)

line level    source

   1          #include "my_uart.h"
   2          
   3          /*
   4           * Initialize UART0 as an 8-bit asynchronous port clocked by the dedicated
   5           * BRT baud rate timer:
   6           *   - Baud rate: MY_UART_BAUD_RATE, using the precomputed MY_UART_BRT_PERIOD
   7           *     unless USE_FORMULA is defined, in which case the driver derives it.
   8           *   - Pins: MY_UART_TX_PIN / MY_UART_RX_PIN muxed to TXD0 / RXD0.
   9           *   - Receive interrupt enabled; received bytes are echoed back by
  10           *     UART0_IRQHandler_Task().
  11           */
  12          void UART0_Config(void)
  13          {
  14   1              uint16_t BRTValue = 0;
  15   1      
  16   1              /* 8-bit asynchronous mode, baud rate generated by the BRT timer. */
  17   1              UART_ConfigRunMode(UART0, UART_MOD_ASY_8BIT, UART_BAUD_BRT);
  18   1              UART_EnableReceive(UART0);
  19   1      
  20   1              /* BRT clock = Fsys / 1, and enable the baud rate doubler (SMOD = 1). */
  21   1              UART_ConfigBRTClk(BRT_CLK_DIV_1);
  22   1              UART_EnableDoubleFrequency(UART0);
  23   1      
  24   1      #ifdef USE_FORMULA
                      /* Let the driver derive the reload value from Systemclock. */
                      BRTValue = UART_ConfigBaudRate(UART0, MY_UART_BAUD_RATE);
              #else
  28   1              /* Precomputed value for the 48 MHz / 9600 bps configuration. */
  29   1              BRTValue = MY_UART_BRT_PERIOD;
  30   1      #endif
  31   1      
  32   1              /* Load BRTH:BRTL and start the baud rate timer. */
  33   1              UART_ConfigBRTPeriod(BRTValue);
  34   1              UART_EnableBRT();
  35   1      
  36   1              /* Route the UART0 signals to the selected port pins. */
  37   1              GPIO_SET_MUX_MODE(MY_UART_TX_PIN, GPIO_MUX_TXD0);
  38   1              GPIO_SET_MUX_MODE(MY_UART_RX_PIN, GPIO_MUX_RXD0);
  39   1      
  40   1              /* Enable the UART interrupt at the lowest priority level. */
  41   1              UART_EnableInt(UART0);
  42   1              IRQ_SET_PRIORITY(IRQ_UART0, IRQ_PRIORITY_LOW);
  43   1              IRQ_ALL_ENABLE();
  44   1      }
  45          
  46          /*
  47           * UART0 interrupt task. Must be called from the UART0 ISR (see isr.c).
  48           * Clears the transmit flag and echoes every received byte back to the host.
  49           */
  50          void UART0_IRQHandler_Task(void)
  51          {
  52   1              if(UART_GetSendIntFlag(UART0))
  53   1              {
C51 COMPILER V9.59.0.0   MY_UART                                                           09/13/2026 11:30:27 PAGE 2   

  54   2                      UART_ClearSendIntFlag(UART0);
  55   2              }
  56   1              if(UART_GetReceiveIntFlag(UART0))
  57   1              {
  58   2                      /* Echo: send back the byte that was just received. */
  59   2                      UART_SendBuff(UART0, UART_GetBuff(UART0));
  60   2                      UART_ClearReceiveIntFlag(UART0);
  61   2              }
  62   1      }
  63          
  64          /*
  65           * Low-level character output used by the C51 library (printf -> putchar).
  66           * Polls TI0 instead of using interrupts; UART0 interrupts are temporarily
  67           * disabled so the ISR and this function never write SBUF0 at the same time.
  68           */
  69          char putchar(char ch)
  70          {
  71   1              uint8_t uart0_int_enabled = ES0;
  72   1      
  73   1              ES0 = 0;
  74   1              SCON0 &= ~(UART_SCON0_TI0_Msk); /* Clear TI0 before sending. */
  75   1              SBUF0 = ch;
  76   1              while(!(SCON0 & UART_SCON0_TI0_Msk))    /* Wait until TI0 is set. */
  77   1              {
  78   2                      ;
  79   2              }
  80   1              SCON0 &= ~(UART_SCON0_TI0_Msk); /* Clear TI0 for the next byte. */
  81   1              ES0 = uart0_int_enabled;
  82   1      
  83   1              return ch;
  84   1      }
  85          
  86          /*
  87           * Low-level character input: blocks until a byte is received, then returns
  88           * it. Interrupts are masked for the same reason as in putchar().
  89           */
  90          char getchar(void)
  91          {
  92   1              uint8_t uart0_int_enabled = ES0;
  93   1              char ch;
  94   1      
  95   1              ES0 = 0;
  96   1              while(!(SCON0 & UART_SCON0_RI0_Msk))    /* Wait until RI0 is set. */
  97   1              {
  98   2                      ;
  99   2              }
 100   1              ch = SBUF0;
 101   1              SCON0 &= ~(UART_SCON0_RI0_Msk); /* Clear RI0 to allow the next byte. */
 102   1              ES0 = uart0_int_enabled;
 103   1      
 104   1              return ch;
 105   1      }
 106          
 107          /* Minimal string output helper built on putchar(). */
 108          int puts(const char *s)
 109          {
 110   1              while(*s)
 111   1              {
 112   2                      putchar(*s++);
 113   2              }
 114   1      
 115   1              return 0;
C51 COMPILER V9.59.0.0   MY_UART                                                           09/13/2026 11:30:27 PAGE 3   

 116   1      }


MODULE INFORMATION:   STATIC OVERLAYABLE
   CODE SIZE        =    200    ----
   CONSTANT SIZE    =   ----    ----
   XDATA SIZE       =   ----       3
   PDATA SIZE       =   ----    ----
   DATA SIZE        =   ----    ----
   IDATA SIZE       =   ----    ----
   BIT SIZE         =   ----    ----
   EDATA SIZE       =   ----    ----
   HDATA SIZE       =   ----    ----
   XDATA CONST SIZE =   ----    ----
   FAR CONST SIZE   =   ----    ----
END OF MODULE INFORMATION.


C51 COMPILATION COMPLETE.  0 WARNING(S),  0 ERROR(S)
