Build target 'Project'
assembling startup_cms8s6990.A51...
compiling acmp.c...
compiling adc.c...
compiling buzzer.c...
compiling epwm.c...
compiling extint.c...
compiling flash.c...
compiling gpio.c...
compiling i2c.c...
compiling lse.c...
compiling opa.c...
compiling pga.c...
compiling spi.c...
compiling system.c...
compiling timer.c...
compiling uart.c...
compiling wdt.c...
compiling isr.c...
compiling main.c...
compiling demo_uart.c...
linking...
Program Size: data=15.1 xdata=56 const=29 code=2473
creating hex file from ".\Objects\Project"...
".\Objects\Project" - 0 Error(s), 0 Warning(s).
Build Time Elapsed:  00:00:02
